Sample1,Sample2,Sample3,Sample4,Sample5,Sample6
0.0,0.0,1.0,0.0,0.0,0.0
5.0,1.0,0.0,2.0,3.0,1.0
0.0,0.0,1.0,4.0,0.0,2.0
2.0,1.0,1.0,0.0,0.0,1.0
0.0,1.0,1.0,0.0,0.0,0.0
